// Jest Snapshot v1, https://goo.gl/fbAQLP

exports[`Pruebas en <GiftItem /> Debe hacer match con el snapshot 1`] = `
<div>
  <div
    class="card"
  >
    <img
      alt="Super smash"
      src="https://supersmashbros.com/link.jpg"
    />
    <p>
      Super smash
    </p>
  </div>
</div>
`;
